I'm sorry, but errors were detected in your script. Please correct the
errors listed below, and try again.


File "game/player_sprites.rpy", line 122: layeredimage statement expects a non-empty block.
    layeredimage Chibi_animations:
                ^

Ren'Py Version: Ren'Py 7.4.11.2266
Tue Jun 21 18:06:28 2022
